[    1946ms] [WARNING] Error with Feature-Policy header: Some features are specified in both Feature-Policy and Permissions-Policy header: payment, fullscreen, microphone, camera. Values defined in Permissions-Policy header will be used. @ :0
[    2615ms] [ERROR] Failed to load resource: the server responded with a status of 500 () @ https://fonts.cdnfonts.com/css/leelawade:0
[    3131ms] [ERROR] Failed to load resource: the server responded with a status of 404 () @ https://lolacosmetics.admin.linxcommerce.com.br/Custom/Content/Themes/Lola/Styles/Fonts/FontAwesome/all.css:0
[    3242ms] [LOG] Banner não encontrado: banner-233 @ https://d1hjvew1n9ss7u.cloudfront.net/asset.axd?id=PAEAAB-LCAAAAAAAAAOtj0EPwUAQhf-KzLnsKqu64iBu4oSbOKzt0G2qKztTkQi_3abi6Ob43vfem8wDLIMGxjuLytwM2eCuPOvZ0gRCnrd86k8hgSaGNr5llFE40CdTEyZQXKP_EtuuRREhaA5tJLcIJqM8VSqfZlIO1VilWRYT9puwhStAjyZqIKM4fm1HoPeP333qLi5bYn8RS98wNix2JV6QxNrXRizOwRRGrLbi88ygIngm_1k8YzCOusXD8w1y8dfTPAEAAA%3d%3d:754
[    3244ms] [LOG] [Debug Carrinho] Polling ativo @ https://d1hjvew1n9ss7u.cloudfront.net/asset.axd?id=PAEAAB-LCAAAAAAAAAOtj0EPwUAQhf-KzLnsKqu64iBu4oSbOKzt0G2qKztTkQi_3abi6Ob43vfem8wDLIMGxjuLytwM2eCuPOvZ0gRCnrd86k8hgSaGNr5llFE40CdTEyZQXKP_EtuuRREhaA5tJLcIJqM8VSqfZlIO1VilWRYT9puwhStAjyZqIKM4fm1HoPeP333qLi5bYn8RS98wNix2JV6QxNrXRizOwRRGrLbi88ygIngm_1k8YzCOusXD8w1y8dfTPAEAAA%3d%3d:1790
[    3424ms] [WARNING] !! Há erros de scripts de terceiros !!
Por favor, contate a Empresa responsável pelo script.  @ https://d1hjvew1n9ss7u.cloudfront.net/assets/shjs.js?t=639255987001545277:0
[    3427ms] Uncaught Error: You must pass a string or Handlebars AST to Handlebars.compile. You passed null
    at e.compile (https://d1hjvew1n9ss7u.cloudfront.net/asset.axd?id=PAEAAB-LCAAAAAAAAAOtj0EPwUAQhf-KzLnsKqu64iBu4oSbOKzt0G2qKztTkQi_3abi6Ob43vfem8wDLIMGxjuLytwM2eCuPOvZ0gRCnrd86k8hgSaGNr5llFE40CdTEyZQXKP_EtuuRREhaA5tJLcIJqM8VSqfZlIO1VilWRYT9puwhStAjyZqIKM4fm1HoPeP333qLi5bYn8RS98wNix2JV6QxNrXRizOwRRGrLbi88ygIngm_1k8YzCOusXD8w1y8dfTPAEAAA%3d%3d:1794:49302)
    at i.compile (https://d1hjvew1n9ss7u.cloudfront.net/asset.axd?id=PAEAAB-LCAAAAAAAAAOtj0EPwUAQhf-KzLnsKqu64iBu4oSbOKzt0G2qKztTkQi_3abi6Ob43vfem8wDLIMGxjuLytwM2eCuPOvZ0gRCnrd86k8hgSaGNr5llFE40CdTEyZQXKP_EtuuRREhaA5tJLcIJqM8VSqfZlIO1VilWRYT9puwhStAjyZqIKM4fm1HoPeP333qLi5bYn8RS98wNix2JV6QxNrXRizOwRRGrLbi88ygIngm_1k8YzCOusXD8w1y8dfTPAEAAA%3d%3d:1794:343)
    at renderBasket (https://d1hjvew1n9ss7u.cloudfront.net/asset.axd?id=PAEAAB-LCAAAAAAAAAOtj0EPwUAQhf-KzLnsKqu64iBu4oSbOKzt0G2qKztTkQi_3abi6Ob43vfem8wDLIMGxjuLytwM2eCuPOvZ0gRCnrd86k8hgSaGNr5llFE40CdTEyZQXKP_EtuuRREhaA5tJLcIJqM8VSqfZlIO1VilWRYT9puwhStAjyZqIKM4fm1HoPeP333qLi5bYn8RS98wNix2JV6QxNrXRizOwRRGrLbi88ygIngm_1k8YzCOusXD8w1y8dfTPAEAAA%3d%3d:29:27)
    at <anonymous> (https://d1hjvew1n9ss7u.cloudfront.net/asset.axd?id=PAEAAB-LCAAAAAAAAAOtj0EPwUAQhf-KzLnsKqu64iBu4oSbOKzt0G2qKztTkQi_3abi6Ob43vfem8wDLIMGxjuLytwM2eCuPOvZ0gRCnrd86k8hgSaGNr5llFE40CdTEyZQXKP_EtuuRREhaA5tJLcIJqM8VSqfZlIO1VilWRYT9puwhStAjyZqIKM4fm1HoPeP333qLi5bYn8RS98wNix2JV6QxNrXRizOwRRGrLbi88ygIngm_1k8YzCOusXD8w1y8dfTPAEAAA%3d%3d:220:1)
    at f (https://d1hjvew1n9ss7u.cloudfront.net/assets/shjs.js?t=639255987001545277:0:10382)
    at fireWith (https://d1hjvew1n9ss7u.cloudfront.net/assets/shjs.js?t=639255987001545277:0:11137)
    at ready (https://d1hjvew1n9ss7u.cloudfront.net/assets/shjs.js?t=639255987001545277:0:5238)
    at r (https://d1hjvew1n9ss7u.cloudfront.net/assets/shjs.js?t=639255987001545277:0:9748)
[    3450ms] [VERBOSE] [DOM] Input elements should have autocomplete attributes (suggested: "current-password"): (More info: https://goo.gl/9p2vKq) %o @ https://www.lolacosmetics.com.br/:0
[    3450ms] [VERBOSE] [DOM] Input elements should have autocomplete attributes (suggested: "current-password"): (More info: https://goo.gl/9p2vKq) %o @ https://www.lolacosmetics.com.br/:0
[    3515ms] [ERROR] Access to XMLHttpRequest at 'https://api.reclameaqui.com.br/embed-reputation/hash/NjQ5NTQ6bG9sYS1jb3NtZXRpY3M=' from origin 'https://www.lolacosmetics.com.br' has been blocked by CORS policy: No 'Access-Control-Allow-Origin' header is present on the requested resource. @ https://www.lolacosmetics.com.br/:0
[    3515ms] [ERROR] RA-Reputation: bad response from server https://api.reclameaqui.com.br/embed-reputation/hash/NjQ5NTQ6bG9sYS1jb3NtZXRpY3M= @ https://s3.amazonaws.com/raichu-beta/selos/bundle.js:0
[    3515ms] [ERROR] Failed to load resource: net::ERR_FAILED @ https://api.reclameaqui.com.br/embed-reputation/hash/NjQ5NTQ6bG9sYS1jb3NtZXRpY3M=:0
[    3516ms] [ERROR] Failed to load resource: net::ERR_NAME_NOT_RESOLVED @ https://event.getblue.io/js/blue-tag.min.js:0
[    3531ms] [ERROR] Failed to load resource: the server responded with a status of 404 () @ https://d1hjvew1n9ss7u.cloudfront.net/Custom/Content/Themes/Lola/Agrada/CSS/ajax-loader.gif:0
[    3710ms] [ERROR] Framing 'https://accounts.google.com/' violates the following report-only Content Security Policy directive: "frame-ancestors 'self'". The violation has been logged, but no further action has been taken.
 @ :0
[    4032ms] [ERROR] Error: <path> attribute d: Expected number, "…0,0,0-.462-1.117Z". @ https://d1hjvew1n9ss7u.cloudfront.net/assets/shjs.js?t=639255987001545277:0
[    4154ms] [LOG] AffiseStorage availability: {cookie: true, localStorage: true, sessionStorage: true} @ https://rankmediabrasil.g2afse.com/websdk.js:0
[    4155ms] [LOG] Status RNK Media - ClickId: null UTM: null @ :3
[    4521ms] [ERROR] Failed to load resource: the server responded with a status of 403 () @ https://collector.mailbiz.one/collect:0
[    5163ms] [INFO] É necessário definir o storeID no Plugin TrustVox @ https://d1hjvew1n9ss7u.cloudfront.net/asset.axd?id=GQsAAB-LCAAAAAAAAAO9lsFymzAQhl-lo7Mr3LiOEzo95RF66KHTwyLWoBgkRrvC8WTSZ69M6glgSGeKpkf0_9K32mUlPQvFIhWMT5w8QguknG74ywdVgiPkr573H-_ESphg-q7zAnkdvrRI91ARrkTeBOFX8q2bRkFCkbLzQWmDcLu5v9lu7-926_Wn7eftzW4XHOriULnORbq53cp1-Mguw5pE-uN5fj51xAdPbOvkwRpGw8lrbJTouvEhMFkjwyWq5JjL_rh8JPGy-ldCYW1RoQQD1Ym1oj5lrC0j0YkYa-lQQcOhILLd9GET8jJe4-xeh_ArW2jTJw2EiAxpwXM5T-rkOLwjVsrWKKm0TYNuijmyLONmzh5Jm0IqYCysO9VofJ86aVi819wrloTg1DitPWUZRZWoDtazzIAOGNb0dQ3uVCLkw7y-a1wWQ1gnrHjOXgbGDLFjLU5OK23CH6KprDTxVGoHhojMGnMNNEt8laPzZAtOA2tr_op-c0aMItwExK19kg7OpZyNYeSLE0HjtMIpZCfEYWT-lHlmOz5nh-J_YFmDqtLqEEyx6jfXIEv74qqzz68W-27vd454-5IqiJDb8f1xbYjIvD7iJuRlvBzCq8gTFOHtohQ2DGbYAZOGWNU0eKQKmefO8Td9GRGdC4X5cw31UQOhY_x8-Q3qjZweGQsAAA%3d%3d:40
[    5169ms] Uncaught TypeError: Cannot read properties of undefined (reading 'replace')
    at validaFreteGratis (https://d1hjvew1n9ss7u.cloudfront.net/asset.axd?id=PAEAAB-LCAAAAAAAAAOtj0EPwUAQhf-KzLnsKqu64iBu4oSbOKzt0G2qKztTkQi_3abi6Ob43vfem8wDLIMGxjuLytwM2eCuPOvZ0gRCnrd86k8hgSaGNr5llFE40CdTEyZQXKP_EtuuRREhaA5tJLcIJqM8VSqfZlIO1VilWRYT9puwhStAjyZqIKM4fm1HoPeP333qLi5bYn8RS98wNix2JV6QxNrXRizOwRRGrLbi88ygIngm_1k8YzCOusXD8w1y8dfTPAEAAA%3d%3d:1:7633)
    at <anonymous> (https://d1hjvew1n9ss7u.cloudfront.net/asset.axd?id=PAEAAB-LCAAAAAAAAAOtj0EPwUAQhf-KzLnsKqu64iBu4oSbOKzt0G2qKztTkQi_3abi6Ob43vfem8wDLIMGxjuLytwM2eCuPOvZ0gRCnrd86k8hgSaGNr5llFE40CdTEyZQXKP_EtuuRREhaA5tJLcIJqM8VSqfZlIO1VilWRYT9puwhStAjyZqIKM4fm1HoPeP333qLi5bYn8RS98wNix2JV6QxNrXRizOwRRGrLbi88ygIngm_1k8YzCOusXD8w1y8dfTPAEAAA%3d%3d:1:49808)
    at dispatch (https://d1hjvew1n9ss7u.cloudfront.net/assets/shjs.js?t=639255987001545277:0:32701)
    at a (https://d1hjvew1n9ss7u.cloudfront.net/assets/shjs.js?t=639255987001545277:0:28480)
[    5168ms] [LOG] Banner não encontrado: banner-233 @ https://d1hjvew1n9ss7u.cloudfront.net/asset.axd?id=PAEAAB-LCAAAAAAAAAOtj0EPwUAQhf-KzLnsKqu64iBu4oSbOKzt0G2qKztTkQi_3abi6Ob43vfem8wDLIMGxjuLytwM2eCuPOvZ0gRCnrd86k8hgSaGNr5llFE40CdTEyZQXKP_EtuuRREhaA5tJLcIJqM8VSqfZlIO1VilWRYT9puwhStAjyZqIKM4fm1HoPeP333qLi5bYn8RS98wNix2JV6QxNrXRizOwRRGrLbi88ygIngm_1k8YzCOusXD8w1y8dfTPAEAAA%3d%3d:754
[    5197ms] [LOG] %c Widde Video Commerce %c v24604ee %c Build: 21/09/2026 20:39 %c border: 1px solid #2567f8; background: #2567f8; color: #fff; font-weight: bold; padding: 4px 8px; border-radius: 3px 0 0 0; border: 1px solid #2567f8; border-left: none; background: #FFF; color: #2567f8; font-weight: bold; padding: 4px 8px; border: 1px solid #2567f8; border-left: none; background: #f0f0f0; color: #333; font-weight: bold; padding: 4px 8px; border-radius: 0 3px 3px 0; background: transparent @ https://cdn.widde.io/assets/main.utzwjalemu.js:0
[    5661ms] [LOG] %c Tryon Widde.io %c %s %c border: 1px solid #2567f8; background: #2567f8; color: #fff; font-weight: bold; padding: 4px 8px; border-radius: 3px 0 0 3px; border: 1px solid #2567f8; background: #FFF; color: #2567f8; font-weight: bold; padding: 4px 8px; border-radius: 0 3px 3px 0; 47bf7c2 background: transparent @ https://cdn-tryon.widde.io/widde-tryon.js:86
[    5717ms] [LOG] [tryon-tracker] initialized {domain: www.lolacosmetics.com.br} @ https://cdn-tryon.widde.io/widde-tryon.js:8
[   12635ms] [WARNING] The resource https://fonts.cdnfonts.com/css/leelawade was preloaded using link preload but not used within a few seconds from the window's load event. Please make sure it has an appropriate `as` value and it is preloaded intentionally. @ https://www.lolacosmetics.com.br/:0
[   17345ms] [WARNING] The resource https://fonts.cdnfonts.com/css/leelawade was preloaded using link preload but not used within a few seconds from the window's load event. Please make sure it has an appropriate `as` value and it is preloaded intentionally. @ https://www.lolacosmetics.com.br/:0
[   22520ms] [WARNING] The resource https://fonts.cdnfonts.com/css/leelawade was preloaded using link preload but not used within a few seconds from the window's load event. Please make sure it has an appropriate `as` value and it is preloaded intentionally. @ https://www.lolacosmetics.com.br/:0
[   29034ms] [WARNING] The resource https://fonts.cdnfonts.com/css/leelawade was preloaded using link preload but not used within a few seconds from the window's load event. Please make sure it has an appropriate `as` value and it is preloaded intentionally. @ https://www.lolacosmetics.com.br/:0
[   40510ms] [WARNING] The resource https://fonts.cdnfonts.com/css/leelawade was preloaded using link preload but not used within a few seconds from the window's load event. Please make sure it has an appropriate `as` value and it is preloaded intentionally. @ https://www.lolacosmetics.com.br/:0
[   50805ms] [WARNING] The resource https://fonts.cdnfonts.com/css/leelawade was preloaded using link preload but not used within a few seconds from the window's load event. Please make sure it has an appropriate `as` value and it is preloaded intentionally. @ https://www.lolacosmetics.com.br/:0
[   62595ms] [WARNING] The resource https://fonts.cdnfonts.com/css/leelawade was preloaded using link preload but not used within a few seconds from the window's load event. Please make sure it has an appropriate `as` value and it is preloaded intentionally. @ https://www.lolacosmetics.com.br/:0
[   68115ms] [WARNING] The resource https://fonts.cdnfonts.com/css/leelawade was preloaded using link preload but not used within a few seconds from the window's load event. Please make sure it has an appropriate `as` value and it is preloaded intentionally. @ https://www.lolacosmetics.com.br/:0
[   74794ms] [WARNING] The resource https://fonts.cdnfonts.com/css/leelawade was preloaded using link preload but not used within a few seconds from the window's load event. Please make sure it has an appropriate `as` value and it is preloaded intentionally. @ https://www.lolacosmetics.com.br/:0
[   86608ms] [WARNING] The resource https://fonts.cdnfonts.com/css/leelawade was preloaded using link preload but not used within a few seconds from the window's load event. Please make sure it has an appropriate `as` value and it is preloaded intentionally. @ https://www.lolacosmetics.com.br/:0
[   98893ms] [WARNING] The resource https://fonts.cdnfonts.com/css/leelawade was preloaded using link preload but not used within a few seconds from the window's load event. Please make sure it has an appropriate `as` value and it is preloaded intentionally. @ https://www.lolacosmetics.com.br/:0
[  112590ms] [WARNING] The resource https://fonts.cdnfonts.com/css/leelawade was preloaded using link preload but not used within a few seconds from the window's load event. Please make sure it has an appropriate `as` value and it is preloaded intentionally. @ https://www.lolacosmetics.com.br/:0
[  127636ms] [WARNING] The resource https://fonts.cdnfonts.com/css/leelawade was preloaded using link preload but not used within a few seconds from the window's load event. Please make sure it has an appropriate `as` value and it is preloaded intentionally. @ https://www.lolacosmetics.com.br/:0
[  241709ms] [WARNING] The resource https://fonts.cdnfonts.com/css/leelawade was preloaded using link preload but not used within a few seconds from the window's load event. Please make sure it has an appropriate `as` value and it is preloaded intentionally. @ https://www.lolacosmetics.com.br/:0
[  256515ms] [WARNING] The resource https://fonts.cdnfonts.com/css/leelawade was preloaded using link preload but not used within a few seconds from the window's load event. Please make sure it has an appropriate `as` value and it is preloaded intentionally. @ https://www.lolacosmetics.com.br/:0
[  276249ms] [WARNING] The resource https://fonts.cdnfonts.com/css/leelawade was preloaded using link preload but not used within a few seconds from the window's load event. Please make sure it has an appropriate `as` value and it is preloaded intentionally. @ https://www.lolacosmetics.com.br/:0
[  296458ms] [WARNING] The resource https://fonts.cdnfonts.com/css/leelawade was preloaded using link preload but not used within a few seconds from the window's load event. Please make sure it has an appropriate `as` value and it is preloaded intentionally. @ https://www.lolacosmetics.com.br/:0
[  316652ms] [WARNING] The resource https://fonts.cdnfonts.com/css/leelawade was preloaded using link preload but not used within a few seconds from the window's load event. Please make sure it has an appropriate `as` value and it is preloaded intentionally. @ https://www.lolacosmetics.com.br/:0
[  339661ms] [WARNING] The resource https://fonts.cdnfonts.com/css/leelawade was preloaded using link preload but not used within a few seconds from the window's load event. Please make sure it has an appropriate `as` value and it is preloaded intentionally. @ https://www.lolacosmetics.com.br/:0
[  362944ms] [WARNING] The resource https://fonts.cdnfonts.com/css/leelawade was preloaded using link preload but not used within a few seconds from the window's load event. Please make sure it has an appropriate `as` value and it is preloaded intentionally. @ https://www.lolacosmetics.com.br/:0
[  385677ms] [WARNING] The resource https://fonts.cdnfonts.com/css/leelawade was preloaded using link preload but not used within a few seconds from the window's load event. Please make sure it has an appropriate `as` value and it is preloaded intentionally. @ https://www.lolacosmetics.com.br/:0
[  409401ms] [WARNING] The resource https://fonts.cdnfonts.com/css/leelawade was preloaded using link preload but not used within a few seconds from the window's load event. Please make sure it has an appropriate `as` value and it is preloaded intentionally. @ https://www.lolacosmetics.com.br/:0
[  437543ms] [WARNING] The resource https://fonts.cdnfonts.com/css/leelawade was preloaded using link preload but not used within a few seconds from the window's load event. Please make sure it has an appropriate `as` value and it is preloaded intentionally. @ https://www.lolacosmetics.com.br/:0
[  466161ms] [WARNING] The resource https://fonts.cdnfonts.com/css/leelawade was preloaded using link preload but not used within a few seconds from the window's load event. Please make sure it has an appropriate `as` value and it is preloaded intentionally. @ https://www.lolacosmetics.com.br/:0
[  494719ms] [WARNING] The resource https://fonts.cdnfonts.com/css/leelawade was preloaded using link preload but not used within a few seconds from the window's load event. Please make sure it has an appropriate `as` value and it is preloaded intentionally. @ https://www.lolacosmetics.com.br/:0
[  522952ms] [WARNING] The resource https://fonts.cdnfonts.com/css/leelawade was preloaded using link preload but not used within a few seconds from the window's load event. Please make sure it has an appropriate `as` value and it is preloaded intentionally. @ https://www.lolacosmetics.com.br/:0
[  551567ms] [WARNING] The resource https://fonts.cdnfonts.com/css/leelawade was preloaded using link preload but not used within a few seconds from the window's load event. Please make sure it has an appropriate `as` value and it is preloaded intentionally. @ https://www.lolacosmetics.com.br/:0
[  585736ms] [WARNING] The resource https://fonts.cdnfonts.com/css/leelawade was preloaded using link preload but not used within a few seconds from the window's load event. Please make sure it has an appropriate `as` value and it is preloaded intentionally. @ https://www.lolacosmetics.com.br/:0
[  619550ms] [WARNING] The resource https://fonts.cdnfonts.com/css/leelawade was preloaded using link preload but not used within a few seconds from the window's load event. Please make sure it has an appropriate `as` value and it is preloaded intentionally. @ https://www.lolacosmetics.com.br/:0
[  652727ms] [WARNING] The resource https://fonts.cdnfonts.com/css/leelawade was preloaded using link preload but not used within a few seconds from the window's load event. Please make sure it has an appropriate `as` value and it is preloaded intentionally. @ https://www.lolacosmetics.com.br/:0
[  685771ms] [WARNING] The resource https://fonts.cdnfonts.com/css/leelawade was preloaded using link preload but not used within a few seconds from the window's load event. Please make sure it has an appropriate `as` value and it is preloaded intentionally. @ https://www.lolacosmetics.com.br/:0
[  718726ms] [WARNING] The resource https://fonts.cdnfonts.com/css/leelawade was preloaded using link preload but not used within a few seconds from the window's load event. Please make sure it has an appropriate `as` value and it is preloaded intentionally. @ https://www.lolacosmetics.com.br/:0
[  751714ms] [WARNING] The resource https://fonts.cdnfonts.com/css/leelawade was preloaded using link preload but not used within a few seconds from the window's load event. Please make sure it has an appropriate `as` value and it is preloaded intentionally. @ https://www.lolacosmetics.com.br/:0
[  784694ms] [WARNING] The resource https://fonts.cdnfonts.com/css/leelawade was preloaded using link preload but not used within a few seconds from the window's load event. Please make sure it has an appropriate `as` value and it is preloaded intentionally. @ https://www.lolacosmetics.com.br/:0
[  817712ms] [WARNING] The resource https://fonts.cdnfonts.com/css/leelawade was preloaded using link preload but not used within a few seconds from the window's load event. Please make sure it has an appropriate `as` value and it is preloaded intentionally. @ https://www.lolacosmetics.com.br/:0
[  850788ms] [WARNING] The resource https://fonts.cdnfonts.com/css/leelawade was preloaded using link preload but not used within a few seconds from the window's load event. Please make sure it has an appropriate `as` value and it is preloaded intentionally. @ https://www.lolacosmetics.com.br/:0
[  883980ms] [WARNING] The resource https://fonts.cdnfonts.com/css/leelawade was preloaded using link preload but not used within a few seconds from the window's load event. Please make sure it has an appropriate `as` value and it is preloaded intentionally. @ https://www.lolacosmetics.com.br/:0
[  917185ms] [WARNING] The resource https://fonts.cdnfonts.com/css/leelawade was preloaded using link preload but not used within a few seconds from the window's load event. Please make sure it has an appropriate `as` value and it is preloaded intentionally. @ https://www.lolacosmetics.com.br/:0
[  949976ms] [WARNING] The resource https://fonts.cdnfonts.com/css/leelawade was preloaded using link preload but not used within a few seconds from the window's load event. Please make sure it has an appropriate `as` value and it is preloaded intentionally. @ https://www.lolacosmetics.com.br/:0
[  983232ms] [WARNING] The resource https://fonts.cdnfonts.com/css/leelawade was preloaded using link preload but not used within a few seconds from the window's load event. Please make sure it has an appropriate `as` value and it is preloaded intentionally. @ https://www.lolacosmetics.com.br/:0
[ 1015976ms] [WARNING] The resource https://fonts.cdnfonts.com/css/leelawade was preloaded using link preload but not used within a few seconds from the window's load event. Please make sure it has an appropriate `as` value and it is preloaded intentionally. @ https://www.lolacosmetics.com.br/:0
[ 1049198ms] [WARNING] The resource https://fonts.cdnfonts.com/css/leelawade was preloaded using link preload but not used within a few seconds from the window's load event. Please make sure it has an appropriate `as` value and it is preloaded intentionally. @ https://www.lolacosmetics.com.br/:0
[ 1081968ms] [WARNING] The resource https://fonts.cdnfonts.com/css/leelawade was preloaded using link preload but not used within a few seconds from the window's load event. Please make sure it has an appropriate `as` value and it is preloaded intentionally. @ https://www.lolacosmetics.com.br/:0
[ 1115368ms] [WARNING] The resource https://fonts.cdnfonts.com/css/leelawade was preloaded using link preload but not used within a few seconds from the window's load event. Please make sure it has an appropriate `as` value and it is preloaded intentionally. @ https://www.lolacosmetics.com.br/:0
[ 1310885ms] [WARNING] The resource https://fonts.cdnfonts.com/css/leelawade was preloaded using link preload but not used within a few seconds from the window's load event. Please make sure it has an appropriate `as` value and it is preloaded intentionally. @ https://www.lolacosmetics.com.br/:0
[ 1344740ms] [WARNING] The resource https://fonts.cdnfonts.com/css/leelawade was preloaded using link preload but not used within a few seconds from the window's load event. Please make sure it has an appropriate `as` value and it is preloaded intentionally. @ https://www.lolacosmetics.com.br/:0
[ 1382577ms] [WARNING] The resource https://fonts.cdnfonts.com/css/leelawade was preloaded using link preload but not used within a few seconds from the window's load event. Please make sure it has an appropriate `as` value and it is preloaded intentionally. @ https://www.lolacosmetics.com.br/:0
[ 1410930ms] [WARNING] The resource https://fonts.cdnfonts.com/css/leelawade was preloaded using link preload but not used within a few seconds from the window's load event. Please make sure it has an appropriate `as` value and it is preloaded intentionally. @ https://www.lolacosmetics.com.br/:0
[ 1444072ms] [WARNING] The resource https://fonts.cdnfonts.com/css/leelawade was preloaded using link preload but not used within a few seconds from the window's load event. Please make sure it has an appropriate `as` value and it is preloaded intentionally. @ https://www.lolacosmetics.com.br/:0
[ 1476892ms] [WARNING] The resource https://fonts.cdnfonts.com/css/leelawade was preloaded using link preload but not used within a few seconds from the window's load event. Please make sure it has an appropriate `as` value and it is preloaded intentionally. @ https://www.lolacosmetics.com.br/:0
[ 1510072ms] [WARNING] The resource https://fonts.cdnfonts.com/css/leelawade was preloaded using link preload but not used within a few seconds from the window's load event. Please make sure it has an appropriate `as` value and it is preloaded intentionally. @ https://www.lolacosmetics.com.br/:0
[ 1542893ms] [WARNING] The resource https://fonts.cdnfonts.com/css/leelawade was preloaded using link preload but not used within a few seconds from the window's load event. Please make sure it has an appropriate `as` value and it is preloaded intentionally. @ https://www.lolacosmetics.com.br/:0
[ 1588623ms] [WARNING] The resource https://fonts.cdnfonts.com/css/leelawade was preloaded using link preload but not used within a few seconds from the window's load event. Please make sure it has an appropriate `as` value and it is preloaded intentionally. @ https://www.lolacosmetics.com.br/:0
[ 1621686ms] [WARNING] The resource https://fonts.cdnfonts.com/css/leelawade was preloaded using link preload but not used within a few seconds from the window's load event. Please make sure it has an appropriate `as` value and it is preloaded intentionally. @ https://www.lolacosmetics.com.br/:0
[ 1654604ms] [WARNING] The resource https://fonts.cdnfonts.com/css/leelawade was preloaded using link preload but not used within a few seconds from the window's load event. Please make sure it has an appropriate `as` value and it is preloaded intentionally. @ https://www.lolacosmetics.com.br/:0
[ 1687687ms] [WARNING] The resource https://fonts.cdnfonts.com/css/leelawade was preloaded using link preload but not used within a few seconds from the window's load event. Please make sure it has an appropriate `as` value and it is preloaded intentionally. @ https://www.lolacosmetics.com.br/:0
[ 1720606ms] [WARNING] The resource https://fonts.cdnfonts.com/css/leelawade was preloaded using link preload but not used within a few seconds from the window's load event. Please make sure it has an appropriate `as` value and it is preloaded intentionally. @ https://www.lolacosmetics.com.br/:0
[ 1753695ms] [WARNING] The resource https://fonts.cdnfonts.com/css/leelawade was preloaded using link preload but not used within a few seconds from the window's load event. Please make sure it has an appropriate `as` value and it is preloaded intentionally. @ https://www.lolacosmetics.com.br/:0
[ 1786626ms] [WARNING] The resource https://fonts.cdnfonts.com/css/leelawade was preloaded using link preload but not used within a few seconds from the window's load event. Please make sure it has an appropriate `as` value and it is preloaded intentionally. @ https://www.lolacosmetics.com.br/:0
[ 1819709ms] [WARNING] The resource https://fonts.cdnfonts.com/css/leelawade was preloaded using link preload but not used within a few seconds from the window's load event. Please make sure it has an appropriate `as` value and it is preloaded intentionally. @ https://www.lolacosmetics.com.br/:0
[ 1852602ms] [WARNING] The resource https://fonts.cdnfonts.com/css/leelawade was preloaded using link preload but not used within a few seconds from the window's load event. Please make sure it has an appropriate `as` value and it is preloaded intentionally. @ https://www.lolacosmetics.com.br/:0
[ 1885672ms] [WARNING] The resource https://fonts.cdnfonts.com/css/leelawade was preloaded using link preload but not used within a few seconds from the window's load event. Please make sure it has an appropriate `as` value and it is preloaded intentionally. @ https://www.lolacosmetics.com.br/:0
[ 1918660ms] [WARNING] The resource https://fonts.cdnfonts.com/css/leelawade was preloaded using link preload but not used within a few seconds from the window's load event. Please make sure it has an appropriate `as` value and it is preloaded intentionally. @ https://www.lolacosmetics.com.br/:0
[ 1951895ms] [WARNING] The resource https://fonts.cdnfonts.com/css/leelawade was preloaded using link preload but not used within a few seconds from the window's load event. Please make sure it has an appropriate `as` value and it is preloaded intentionally. @ https://www.lolacosmetics.com.br/:0
[ 1985011ms] [WARNING] The resource https://fonts.cdnfonts.com/css/leelawade was preloaded using link preload but not used within a few seconds from the window's load event. Please make sure it has an appropriate `as` value and it is preloaded intentionally. @ https://www.lolacosmetics.com.br/:0
[ 2017842ms] [WARNING] The resource https://fonts.cdnfonts.com/css/leelawade was preloaded using link preload but not used within a few seconds from the window's load event. Please make sure it has an appropriate `as` value and it is preloaded intentionally. @ https://www.lolacosmetics.com.br/:0
[ 2051008ms] [WARNING] The resource https://fonts.cdnfonts.com/css/leelawade was preloaded using link preload but not used within a few seconds from the window's load event. Please make sure it has an appropriate `as` value and it is preloaded intentionally. @ https://www.lolacosmetics.com.br/:0
